// Jest Snapshot v1, https://goo.gl/fbAQLP

exports[`Header component renders guest navigation 1`] = `
<DocumentFragment>
  <div
    class="sc-fzozJi hhEBat"
  >
    <h1>
      Create Recipe
    </h1>
    <h3>
      Recipe Title
    </h3>
    <div
      class="sc-AxgMl hmIBnY"
    >
      <label
        class="sc-AxheI uxhxw"
      />
      <input
        class="sc-Axmtr ityRYL"
        value=""
      />
    </div>
    <h3>
      Cover Image
    </h3>
    <div
      class="sc-AxhUy gPrrHp"
    >
      <div>
        <input
          accept="image/*"
          class="sc-AxjAm htLRco"
          id="file"
          name="File"
          placeholder="Upload image"
          type="file"
        />
        <label
          class="sc-AxirZ dymrJU"
          for="file"
        >
          + Select Image
        </label>
      </div>
    </div>
    <h3>
      Short Description
    </h3>
    <div />
    <h3>
      Steps to create
    </h3>
    <div />
    <div
      class="sc-fzoLsD hIIKPn"
    >
      <h3>
        Ingredient Sections
      </h3>
      <img
        class="sc-fznyAO IgzWd"
        src="add-24px.svg"
      />
      <img
        class="sc-fznyAO IgzWd"
        src="remove-24px.svg"
      />
    </div>
    <div
      class="sc-fzoLsD hIIKPn"
    />
    <h3>
      Additional recipe information
    </h3>
    <div
      class="sc-fzpans fzlHkI"
    >
      <div
        class="sc-fzoLsD hIIKPn"
      >
        <div
          class="sc-fzokOt gDEqsa"
        >
          Time to prepare
        </div>
        <input
          class="sc-fznKkj enPeTG"
          type="number"
          value=""
        />
        <div
          class="sc-fzokOt gDEqsa"
        >
          min
        </div>
      </div>
      <div
        class="sc-fzoLsD hIIKPn"
      >
        <div
          class="sc-fzokOt gDEqsa"
        >
          Time to cook
        </div>
        <input
          class="sc-fznKkj enPeTG"
          type="number"
          value=""
        />
        <div
          class="sc-fzokOt gDEqsa"
        >
          min
        </div>
      </div>
      <div
        class="sc-fzoLsD hIIKPn"
      >
        <div
          class="sc-fzokOt gDEqsa"
        >
          Serves
        </div>
        <input
          class="sc-fznKkj enPeTG"
          type="number"
          value=""
        />
        <div
          class="sc-fzokOt gDEqsa"
        >
          people
        </div>
      </div>
      <div
        class="sc-fzoLsD hIIKPn"
      >
        <div
          class="sc-fzokOt gDEqsa"
        >
          Difficulty
        </div>
        <select
          class="sc-fznZeY hNvtzG"
        >
          <option
            hidden=""
            value=""
          >
            Difficulty
          </option>
          <option
            value="easy"
          >
            Easy
          </option>
          <option
            value="medium"
          >
            Medium
          </option>
          <option
            value="hard"
          >
            Hard
          </option>
        </select>
        <div
          class="sc-fzokOt gDEqsa"
        />
      </div>
    </div>
    <button
      class="sc-fzqBZW fajpxm"
    >
      Save recipe
    </button>
  </div>
</DocumentFragment>
`;

exports[`RecipeEditor component renders correctly 1`] = `
<DocumentFragment>
  <div
    class="sc-fzozJi hhEBat"
  >
    <h1>
      Create Recipe
    </h1>
    <h3>
      Recipe Title
    </h3>
    <div
      class="sc-AxgMl hmIBnY"
    >
      <label
        class="sc-AxheI uxhxw"
      />
      <input
        class="sc-Axmtr ityRYL"
        value=""
      />
    </div>
    <h3>
      Cover Image
    </h3>
    <div
      class="sc-AxhUy gPrrHp"
    >
      <div>
        <input
          accept="image/*"
          class="sc-AxjAm htLRco"
          id="file"
          name="File"
          placeholder="Upload image"
          type="file"
        />
        <label
          class="sc-AxirZ dymrJU"
          for="file"
        >
          + Select Image
        </label>
      </div>
    </div>
    <h3>
      Short Description
    </h3>
    <div />
    <h3>
      Steps to create
    </h3>
    <div />
    <div
      class="sc-fzoLsD hIIKPn"
    >
      <h3>
        Ingredient Sections
      </h3>
      <img
        class="sc-fznyAO IgzWd"
        src="add-24px.svg"
      />
      <img
        class="sc-fznyAO IgzWd"
        src="remove-24px.svg"
      />
    </div>
    <div
      class="sc-fzoLsD hIIKPn"
    />
    <h3>
      Additional recipe information
    </h3>
    <div
      class="sc-fzpans fzlHkI"
    >
      <div
        class="sc-fzoLsD hIIKPn"
      >
        <div
          class="sc-fzokOt gDEqsa"
        >
          Time to prepare
        </div>
        <input
          class="sc-fznKkj enPeTG"
          type="number"
          value=""
        />
        <div
          class="sc-fzokOt gDEqsa"
        >
          min
        </div>
      </div>
      <div
        class="sc-fzoLsD hIIKPn"
      >
        <div
          class="sc-fzokOt gDEqsa"
        >
          Time to cook
        </div>
        <input
          class="sc-fznKkj enPeTG"
          type="number"
          value=""
        />
        <div
          class="sc-fzokOt gDEqsa"
        >
          min
        </div>
      </div>
      <div
        class="sc-fzoLsD hIIKPn"
      >
        <div
          class="sc-fzokOt gDEqsa"
        >
          Serves
        </div>
        <input
          class="sc-fznKkj enPeTG"
          type="number"
          value=""
        />
        <div
          class="sc-fzokOt gDEqsa"
        >
          people
        </div>
      </div>
      <div
        class="sc-fzoLsD hIIKPn"
      >
        <div
          class="sc-fzokOt gDEqsa"
        >
          Difficulty
        </div>
        <select
          class="sc-fznZeY hNvtzG"
        >
          <option
            hidden=""
            value=""
          >
            Difficulty
          </option>
          <option
            value="easy"
          >
            Easy
          </option>
          <option
            value="medium"
          >
            Medium
          </option>
          <option
            value="hard"
          >
            Hard
          </option>
        </select>
        <div
          class="sc-fzokOt gDEqsa"
        />
      </div>
    </div>
    <button
      class="sc-fzqBZW fajpxm"
    >
      Save recipe
    </button>
  </div>
</DocumentFragment>
`;
